// Jest Snapshot v1, https://goo.gl/fbAQLP

exports[`Authentication/FormFooter component renders correctly 1`] = `
.c0 {
  background-color: #f6f6f6;
  border-top: 1px solid #e5c769;
  padding: 25px;
  text-align: center;
  -webkit-border-radius: 0 0 10px 10px;
  border-radius: 0 0 10px 10px;
}

<div
  className="c0"
>
  Some footer
</div>
`;
