// Jest Snapshot v1, https://goo.gl/fbAQLP

exports[`Authentication/FormHeader component renders correctly 1`] = `
.c0 {
  padding: 30px 0;
}

@media (max-width:420px) {
  .c0 {
    padding: 10px 0;
  }

  .c0 > h1 {
    margin: 0;
  }
}

<div
  className="c0"
>
  Some header
</div>
`;
