// Jest Snapshot v1, https://goo.gl/fbAQLP

exports[`Authentication/Input component renders correctly 1`] = `
.c0 {
  background-color: #f6f6f6;
  border: none;
  color: #0d0d0d;
  padding: 15px 32px;
  -webkit-text-decoration: none;
  text-decoration: none;
  display: inline-block;
  font-size: 16px;
  margin: 5px;
  width: 70%;
  border: 2px solid #f6f6f6;
  -webkit-transition: all 0.5s ease-in-out;
  -moz-transition: all 0.5s ease-in-out;
  -ms-transition: all 0.5s ease-in-out;
  -o-transition: all 0.5s ease-in-out;
  -webkit-transition: all 0.5s ease-in-out;
  transition: all 0.5s ease-in-out;
  -webkit-border-radius: 5px 5px 5px 5px;
  border-radius: 5px 5px 5px 5px;
  outline: none;
}

.c0:focus {
  box-shadow: 0 0 5px #ff9a00;
}

@media (max-width:420px) {
  .c0 {
    width: 60%;
  }
}

<input
  className="c0"
  placeholder="Add some value here"
  value="some-value"
/>
`;
