// Jest Snapshot v1, https://goo.gl/fbAQLP

exports[`Authentication/SecondaryAction component renders correctly 1`] = `
.c0 {
  margin: 0 0 20px;
}

<div
  className="c0"
/>
`;
