// Jest Snapshot v1, https://goo.gl/fbAQLP

exports[`Authentication/ValidationLabel component renders correctly 1`] = `
.c0 {
  display: none;
  display: block;
  color: #ff387b;
  text-align: left;
  margin: 0 auto 20px;
  width: 85%;
}

<p
  className="c0"
>
  Validation in not correct
</p>
`;
