// Jest Snapshot v1, https://goo.gl/fbAQLP

exports[`Authentication/Wrapper component renders correctly 1`] = `
.c0 {
  display: -webkit-box;
  display: -webkit-flex;
  display: -ms-flexbox;
  display: flex;
  -webkit-align-items: center;
  -webkit-box-align: center;
  -ms-flex-align: center;
  align-items: center;
  -webkit-flex-direction: column;
  -ms-flex-direction: column;
  flex-direction: column;
  -webkit-box-pack: center;
  -webkit-justify-content: center;
  -ms-flex-pack: center;
  justify-content: center;
  width: 100%;
  min-height: 100%;
  padding: 20px;
  background-color: #f0cd61;
  height: 100vh;
  box-sizing: border-box;
}

<div
  className="c0"
>
  <div />
</div>
`;
