// Jest Snapshot v1, https://goo.gl/fbAQLP

exports[`Dashboard/CustomTypography component renders correctly 1`] = `
.c0 {
  -webkit-box-flex: 1;
  -webkit-flex-grow: 1;
  -ms-flex-positive: 1;
  flex-grow: 1;
}

<p
  className="MuiTypography-root-1 MuiTypography-body1-10 c0"
/>
`;
