// Jest Snapshot v1, https://goo.gl/fbAQLP

exports[`Dashboard/CustomList component renders correctly 1`] = `
.c0 {
  padding: 0 32px 32px;
  -webkit-box-flex: 1;
  -webkit-flex-grow: 1;
  -ms-flex-positive: 1;
  flex-grow: 1;
  -webkit-flex: 1;
  -ms-flex: 1;
  flex: 1;
  display: -webkit-box;
  display: -webkit-flex;
  display: -ms-flexbox;
  display: flex;
  -webkit-flex-direction: column;
  -ms-flex-direction: column;
  flex-direction: column;
  height: 100%;
}

<div
  className="c0"
/>
`;
