// Jest Snapshot v1, https://goo.gl/fbAQLP

exports[`Dashboard/CustomIconButton component renders correctly 1`] = `
.c0 {
  margin-left: -12px;
  margin-right: 20px;
}

<button
  className="MuiButtonBase-root-7 MuiIconButton-root-1 c0"
  disabled={false}
  onBlur={[Function]}
  onFocus={[Function]}
  onKeyDown={[Function]}
  onKeyUp={[Function]}
  onMouseDown={[Function]}
  onMouseLeave={[Function]}
  onMouseUp={[Function]}
  onTouchEnd={[Function]}
  onTouchMove={[Function]}
  onTouchStart={[Function]}
  tabIndex="0"
  type="button"
>
  <span
    className="MuiIconButton-label-6"
  >
    Click me
  </span>
  <span
    className="MuiTouchRipple-root-10"
  />
</button>
`;
