// Jest Snapshot v1, https://goo.gl/fbAQLP

exports[`Dashboard/FabButton component renders correctly 1`] = `
.c0.c0 {
  position: fixed;
  bottom: 24px;
  right: 24px;
}

<button
  className="MuiButtonBase-root-27 MuiButton-root-1 MuiButton-text-3 MuiButton-flat-6 c0"
  disabled={false}
  onBlur={[Function]}
  onFocus={[Function]}
  onKeyDown={[Function]}
  onKeyUp={[Function]}
  onMouseDown={[Function]}
  onMouseLeave={[Function]}
  onMouseUp={[Function]}
  onTouchEnd={[Function]}
  onTouchMove={[Function]}
  onTouchStart={[Function]}
  tabIndex="0"
  type="button"
>
  <span
    className="MuiButton-label-2"
  >
    Click me
  </span>
  <span
    className="MuiTouchRipple-root-30"
  />
</button>
`;
