// Jest Snapshot v1, https://goo.gl/fbAQLP

exports[`Dashboard/Filters component renders correctly 1`] = `
.c0 {
  display: -webkit-box;
  display: -webkit-flex;
  display: -ms-flexbox;
  display: flex;
  -webkit-align-items: center;
  -webkit-box-align: center;
  -ms-flex-align: center;
  align-items: center;
  -webkit-flex-direction: row-reverse;
  -ms-flex-direction: row-reverse;
  flex-direction: row-reverse;
  padding: 8px 32px 0;
  margin-bottom: 20px;
  text-align: right;
}

<div
  className="c0"
/>
`;
