// Jest Snapshot v1, https://goo.gl/fbAQLP

exports[`Dashboard/Form component renders correctly 1`] = `
.c0 {
  padding: 32px;
}

<div
  className="c0"
/>
`;
