// Jest Snapshot v1, https://goo.gl/fbAQLP

exports[`Dashboard/FormControls component renders correctly 1`] = `
.c0 {
  margin-bottom: 40px;
}

<div
  className="c0"
/>
`;
