// Jest Snapshot v1, https://goo.gl/fbAQLP

exports[`Dashboard/InputWrapper component renders correctly 1`] = `
.c0 {
  margin-bottom: 20px;
}

<div
  className="c0"
/>
`;
