// Jest Snapshot v1, https://goo.gl/fbAQLP

exports[`Dashboard/ScrollContainer component renders correctly 1`] = `
.c0 {
  height: 100%;
  overflow: scroll;
}

<div
  className="c0"
/>
`;
