// Jest Snapshot v1, https://goo.gl/fbAQLP

exports[`Dashboard/Card/CardInfo component renders correctly 1`] = `
.c0 {
  color: #f0cd61;
  margin: 0px 20px;
  -webkit-box-flex: 1;
  -webkit-flex-grow: 1;
  -ms-flex-positive: 1;
  flex-grow: 1;
}

.c1 {
  margin: 0;
}

.c2 {
  margin: 0;
  color: #c7b26e;
}

@media (max-width:420px) {
  .c0 {
    min-width: 70px;
    margin: 0px 15px;
    width: 200px;
  }
}

@media (max-width:420px) {
  .c1 {
    font-size: 18px;
  }
}

@media (max-width:420px) {
  .c2 {
    font-size: 16px;
    word-break: break-all;
  }
}

<div
  className="c0"
>
  <h1
    className="c1"
    name="card-info-title"
  />
  <h3
    className="c2"
    name="card-info-subtitle"
  />
</div>
`;
