// Jest Snapshot v1, https://goo.gl/fbAQLP

exports[`Authentication container renders correctly 1`] = `
<div>
  <div />
</div>
`;
